// Jest Snapshot v1, https://goo.gl/fbAQLP

exports[`renders 1`] = `
<DocumentFragment>
  <a
    href="/emptyLink"
  >
    <button
      class="largetealbutton"
      data-testid="ucpButton"
      type="button"
    >
      Click Hereâ€‹
    </button>
  </a>
</DocumentFragment>
`;
