// Jest Snapshot v1, https://goo.gl/fbAQLP

exports[`Renders Footer 1`] = `
<DocumentFragment>
  <footer
    class="ucpFooter"
  />
</DocumentFragment>
`;
