// Jest Snapshot v1, https://goo.gl/fbAQLP

exports[`Renders Header 1`] = `
<DocumentFragment>
  <header>
    <img
      alt="UCP official logo"
      class="UCPLogoBlue"
      data-testid="ucpLogoHeader"
      src="UCPLogo.png"
    />
  </header>
</DocumentFragment>
`;
