// Jest Snapshot v1, https://goo.gl/fbAQLP

exports[`Renders AlertDismissible 1`] = `
<DocumentFragment>
  <div
    class="fade Alert alert alert-dismissible show"
    role="alert"
  >
    <button
      class="close"
      type="button"
    >
      <span
        aria-hidden="true"
      >
        Ã—
      </span>
      <span
        class="sr-only"
      >
        Close alert
      </span>
    </button>
    <div
      class="alert-heading h4"
    >
      Please request GCSE grades
    </div>
  </div>
</DocumentFragment>
`;
