// Jest Snapshot v1, https://goo.gl/fbAQLP

exports[`Renders Jumbotron 1`] = `
<DocumentFragment>
  <div
    class="jumbo"
    data-testid="jumbotron"
  />
</DocumentFragment>
`;
