// Jest Snapshot v1, https://goo.gl/fbAQLP

exports[`renders 1`] = `
<DocumentFragment>
  <button
    class="btnClass"
  >
    This is a modal button
  </button>
</DocumentFragment>
`;
